// Jest Snapshot v1, https://goo.gl/fbAQLP

exports[`should render page not found error correctly 1`] = `
<div>
  <Connect(ExpenseListFilter) />
  <Connect(ExpenseList) />
  <Connect(ExpensesSummary) />
</div>
`;
