// Jest Snapshot v1, https://goo.gl/fbAQLP

exports[`should render expense list with empty list 1`] = `
<div>
  <p>
    No expenses
  </p>
</div>
`;

exports[`should render expense list with expenses 1`] = `
<div>
  <ExpenseListItem
    amount={195}
    createAt={0}
    description="gum"
    id="1"
    key="0"
    note=""
  />
  <ExpenseListItem
    amount={109500}
    createAt={-345600000}
    description="rent"
    id="2"
    key="1"
    note=""
  />
  <ExpenseListItem
    amount={4500}
    createAt={345600000}
    description="credit card"
    id="3"
    key="2"
    note=""
  />
</div>
`;
